Copyright 1986-2016 Xilinx, Inc. All Rights Reserved.
---------------------------------------------------------------------------------------
| Tool Version : Vivado v.2016.1 (lin64) Build 1538259 Fri Apr  8 15:45:23 MDT 2016
| Date         : Sat May  5 12:33:29 2018
| Host         : localhost.localdomain running 64-bit Fedora release 27 (Twenty Seven)
| Command      : report_control_sets -verbose -file top_VGA_control_sets_placed.rpt
| Design       : top_VGA
| Device       : xc7a35t
---------------------------------------------------------------------------------------

Control Set Information

Table of Contents
-----------------
1. Summary
2. Flip-Flop Distribution
3. Detailed Control Set Information

1. Summary
----------

+----------------------------------------------------------+-------+
|                          Status                          | Count |
+----------------------------------------------------------+-------+
| Number of unique control sets                            |    18 |
| Unused register locations in slices containing registers |    88 |
+----------------------------------------------------------+-------+


2. Flip-Flop Distribution
-------------------------

+--------------+-----------------------+------------------------+-----------------+--------------+
| Clock Enable | Synchronous Set/Reset | Asynchronous Set/Reset | Total Registers | Total Slices |
+--------------+-----------------------+------------------------+-----------------+--------------+
| No           | No                    | No                     |              42 |           21 |
| No           | No                    | Yes                    |              67 |           25 |
| No           | Yes                   | No                     |               0 |            0 |
| Yes          | No                    | No                     |              73 |           31 |
| Yes          | No                    | Yes                    |             186 |           72 |
| Yes          | Yes                   | No                     |               0 |            0 |
+--------------+-----------------------+------------------------+-----------------+--------------+


3. Detailed Control Set Information
-----------------------------------

+------------------+--------------------------------------------+------------------+------------------+----------------+
|   Clock Signal   |                Enable Signal               | Set/Reset Signal | Slice Load Count | Bel Load Count |
+------------------+--------------------------------------------+------------------+------------------+----------------+
|  clk_i_IBUF_BUFG | i_iologic/s_pbsync_0                       | reset_i_IBUF     |                2 |              5 |
|  clk_i_IBUF_BUFG | i_vgacontroller/s_pixelvertical[9]_i_1_n_0 | reset_i_IBUF     |                5 |             10 |
|  clk_i_IBUF_BUFG | i_sourcemultiplexer/s_y[9]_i_1_n_0         | reset_i_IBUF     |                4 |             10 |
|  clk_i_IBUF_BUFG | i_iologic/E[0]                             | reset_i_IBUF     |                4 |             10 |
|  clk_i_IBUF_BUFG | i_prescaler/pixenable_o                    | reset_i_IBUF     |                7 |             10 |
|  clk_i_IBUF_BUFG | i_memory2/s_pixelcount                     | reset_i_IBUF     |                4 |             14 |
|  clk_i_IBUF_BUFG | i_iologic/s_swsync[15]_i_1_n_0             | reset_i_IBUF     |                4 |             16 |
|  clk_i_IBUF_BUFG | i_vgacontroller/s_pixelcount_2             | reset_i_IBUF     |                5 |             17 |
|  clk_i_IBUF_BUFG | i_prescaler/s_pixelcount_1_reg[0]          | reset_i_IBUF     |                5 |             17 |
|  clk_i_IBUF_BUFG | i_sourcemultiplexer/v_tempspeed0           |                  |               11 |             18 |
|  clk_i_IBUF_BUFG | i_sourcemultiplexer/s_speed[20]_i_1_n_0    | reset_i_IBUF     |                7 |             18 |
|  clk_i_IBUF_BUFG | i_sourcemultiplexer/s_position_vertical2   | reset_i_IBUF     |                9 |             18 |
|  clk_i_IBUF_BUFG | i_sourcemultiplexer/s_position_horizontal2 | reset_i_IBUF     |               10 |             20 |
|  clk_i_IBUF_BUFG | i_iologic/Q[3]                             | reset_i_IBUF     |                6 |             21 |
|  clk_i_IBUF_BUFG | i_memory2/p_0_in                           |                  |                9 |             26 |
|  clk_i_IBUF_BUFG | i_vgacontroller/E[0]                       |                  |               11 |             29 |
|  clk_i_IBUF_BUFG |                                            |                  |               21 |             42 |
|  clk_i_IBUF_BUFG |                                            | reset_i_IBUF     |               25 |             67 |
+------------------+--------------------------------------------+------------------+------------------+----------------+


